For the APi itself, 
Test 1: Increase concurrent users

Summary---------------

| Statistic              | 1 VU        | 10 VUs       | 100 VUs      | 1000 VUs     |
|------------------------|-------------|--------------|--------------|--------------|
| data_received (avg)    | 5.4 kB      | 54 kB        | 535 kB       | 682 kB       |
| data_sent (avg)        | 2.9 kB      | 29 kB        | 288 kB       | 508 kB       |
| http_req_blocked (avg) | 15.75µs     | 18.25µs      | 43.91µs      | 9.21ms       |
| http_req_connecting (av| 4.8µs       | 3.49µs       | 33.93µs      | 8.82ms       |
| http_req_duration (avg)| 1.93ms      | 3.78ms       | 42.57ms      | 1.48s        |
| http_req_failed (%)    | 0.00%       | 0.00%        | 0.00%        | 0.00%        |
| http_req_receiving (avg| 116.51µs    | 104.13µs     | 61.25µs      | 37.94µs      |
| http_req_sending (avg) | 38.9µs      | 35.13µs      | 29.14µs      | 1.34ms       |
| http_req_waiting (avg) | 1.77ms      | 3.64ms       | 42.48ms      | 1.48s        |
| http_reqs (avg)        | 20          | 200          | 1975         | 2517         |
| iteration_duration (avg)| 1s         | 1s           | 1.04s        | 2.49s        |
| iterations (avg)       | 20          | 200          | 1975         | 2517         |

blocks: http://localhost:8000/fetch_data?block_start=18530000&block_end=18530100
Test duration: 20s

-----------------------------------------------------------


a2k@A2K:~/dev/rust/api2/k6$ k6 run ali.js 

          /\      |‾‾| /‾‾/   /‾‾/   
     /\  /  \     |  |/  /   /  /    
    /  \/    \    |     (   /   ‾‾\  
   /          \   |  |\  \ |  (‾)  | 
  / __________ \  |__| \__\ \_____/ .io

  execution: local
     script: ali.js
     output: -

  scenarios: (100.00%) 1 scenario, 1 max VUs, 10m30s max duration (incl. graceful stop):
           * default: 1 iterations for each of 1 VUs (maxDuration: 10m0s, gracefulStop: 30s)


     data_received..................: 271 B 270 B/s
     data_sent......................: 146 B 146 B/s
     http_req_blocked...............: avg=155.33µs min=155.33µs med=155.33µs max=155.33µs p(90)=155.33µs p(95)=155.33µs
     http_req_connecting............: avg=96.49µs  min=96.49µs  med=96.49µs  max=96.49µs  p(90)=96.49µs  p(95)=96.49µs 
     http_req_duration..............: avg=769.38µs min=769.38µs med=769.38µs max=769.38µs p(90)=769.38µs p(95)=769.38µs
       { expected_response:true }...: avg=769.38µs min=769.38µs med=769.38µs max=769.38µs p(90)=769.38µs p(95)=769.38µs
     http_req_failed................: 0.00% ✓ 0        ✗ 1  
     http_req_receiving.............: avg=39.41µs  min=39.41µs  med=39.41µs  max=39.41µs  p(90)=39.41µs  p(95)=39.41µs 
     http_req_sending...............: avg=67.53µs  min=67.53µs  med=67.53µs  max=67.53µs  p(90)=67.53µs  p(95)=67.53µs 
     http_req_tls_handshaking.......: avg=0s       min=0s       med=0s       max=0s       p(90)=0s       p(95)=0s      
     http_req_waiting...............: avg=662.43µs min=662.43µs med=662.43µs max=662.43µs p(90)=662.43µs p(95)=662.43µs
     http_reqs......................: 1     0.997663/s
     iteration_duration.............: avg=1s       min=1s       med=1s       max=1s       p(90)=1s       p(95)=1s      
     iterations.....................: 1     0.997663/s
     vus............................: 1     min=1      max=1
     vus_max........................: 1     min=1      max=1


1 VU, 20 seconds ---------------------------------------------------------------------------

a2k@A2K:~/dev/rust/api2/k6$ k6 run ali.js --duration 20s

          /\      |‾‾| /‾‾/   /‾‾/   
     /\  /  \     |  |/  /   /  /    
    /  \/    \    |     (   /   ‾‾\  
   /          \   |  |\  \ |  (‾)  | 
  / __________ \  |__| \__\ \_____/ .io

  execution: local
     script: ali.js
     output: -

  scenarios: (100.00%) 1 scenario, 1 max VUs, 50s max duration (incl. graceful stop):
           * default: 1 looping VUs for 20s (gracefulStop: 30s)


     data_received..................: 5.4 kB 270 B/s
     data_sent......................: 2.9 kB 146 B/s
     http_req_blocked...............: avg=15.75µs  min=2.91µs   med=8.79µs   max=157.24µs p(90)=17.11µs p(95)=27.12µs 
     http_req_connecting............: avg=4.8µs    min=0s       med=0s       max=96.13µs  p(90)=0s      p(95)=4.8µs   
     http_req_duration..............: avg=1.93ms   min=796.87µs med=2.21ms   max=3.79ms   p(90)=2.65ms  p(95)=2.86ms  
       { expected_response:true }...: avg=1.93ms   min=796.87µs med=2.21ms   max=3.79ms   p(90)=2.65ms  p(95)=2.86ms  
     http_req_failed................: 0.00%  ✓ 0        ✗ 20 
     http_req_receiving.............: avg=116.51µs min=44.05µs  med=110.76µs max=194.56µs p(90)=171.2µs p(95)=182.55µs
     http_req_sending...............: avg=38.9µs   min=13.77µs  med=40.37µs  max=74.87µs  p(90)=54.41µs p(95)=63.48µs 
     http_req_tls_handshaking.......: avg=0s       min=0s       med=0s       max=0s       p(90)=0s      p(95)=0s      
     http_req_waiting...............: avg=1.77ms   min=714.9µs  med=2.08ms   max=3.54ms   p(90)=2.48ms  p(95)=2.68ms  
     http_reqs......................: 20     0.997238/s
     iteration_duration.............: avg=1s       min=1s       med=1s       max=1s       p(90)=1s      p(95)=1s      
     iterations.....................: 20     0.997238/s
     vus............................: 1      min=1      max=1
     vus_max........................: 1      min=1      max=1


running (20.1s), 0/1 VUs, 20 complete and 0 interrupted iterations
default ✓ [======================================] 1 VUs  20s
a2k@A2K:~/dev/rust/api2/k6$ 


10 VUs, single request -------------------------------------------------------------
a2k@A2K:~/dev/rust/api2/k6$ k6 run ali.js --vus 10

          /\      |‾‾| /‾‾/   /‾‾/   
     /\  /  \     |  |/  /   /  /    
    /  \/    \    |     (   /   ‾‾\  
   /          \   |  |\  \ |  (‾)  | 
  / __________ \  |__| \__\ \_____/ .io

WARN[0000] the `vus=10` option will be ignored, it only works in conjunction with `iterations`, `duration`, or `stages` 
  execution: local
     script: ali.js
     output: -

  scenarios: (100.00%) 1 scenario, 1 max VUs, 10m30s max duration (incl. graceful stop):
           * default: 1 iterations for each of 1 VUs (maxDuration: 10m0s, gracefulStop: 30s)


     data_received..................: 271 B 270 B/s
     data_sent......................: 146 B 146 B/s
     http_req_blocked...............: avg=104.84µs min=104.84µs med=104.84µs max=104.84µs p(90)=104.84µs p(95)=104.84µs
     http_req_connecting............: avg=55.44µs  min=55.44µs  med=55.44µs  max=55.44µs  p(90)=55.44µs  p(95)=55.44µs 
     http_req_duration..............: avg=1.62ms   min=1.62ms   med=1.62ms   max=1.62ms   p(90)=1.62ms   p(95)=1.62ms  
       { expected_response:true }...: avg=1.62ms   min=1.62ms   med=1.62ms   max=1.62ms   p(90)=1.62ms   p(95)=1.62ms  
     http_req_failed................: 0.00% ✓ 0        ✗ 1  
     http_req_receiving.............: avg=47.06µs  min=47.06µs  med=47.06µs  max=47.06µs  p(90)=47.06µs  p(95)=47.06µs 
     http_req_sending...............: avg=36.66µs  min=36.66µs  med=36.66µs  max=36.66µs  p(90)=36.66µs  p(95)=36.66µs 
     http_req_tls_handshaking.......: avg=0s       min=0s       med=0s       max=0s       p(90)=0s       p(95)=0s      
     http_req_waiting...............: avg=1.54ms   min=1.54ms   med=1.54ms   max=1.54ms   p(90)=1.54ms   p(95)=1.54ms  
     http_reqs......................: 1     0.996912/s
     iteration_duration.............: avg=1s       min=1s       med=1s       max=1s       p(90)=1s       p(95)=1s      
     iterations.....................: 1     0.996912/s
     vus............................: 1     min=1      max=1
     vus_max........................: 1     min=1      max=1


running (00m01.0s), 0/1 VUs, 1 complete and 0 interrupted iterations
default ✓ [======================================] 1 VUs  00m01.0s/10m0s  1/1 iters, 1 per VU
a2k@A2K:~/dev/rust/api2/k6$ 



10 VUs, 20s ----------------------------------------------------------------------


a2k@A2K:~/dev/rust/api2/k6$ k6 run ali.js --duration 20s --vus 10

          /\      |‾‾| /‾‾/   /‾‾/   
     /\  /  \     |  |/  /   /  /    
    /  \/    \    |     (   /   ‾‾\  
   /          \   |  |\  \ |  (‾)  | 
  / __________ \  |__| \__\ \_____/ .io

  execution: local
     script: ali.js
     output: -

  scenarios: (100.00%) 1 scenario, 10 max VUs, 50s max duration (incl. graceful stop):
           * default: 10 looping VUs for 20s (gracefulStop: 30s)


     data_received..................: 54 kB 2.7 kB/s
     data_sent......................: 29 kB 1.5 kB/s
     http_req_blocked...............: avg=18.25µs  min=1.93µs   med=7.96µs  max=957.53µs p(90)=15.77µs  p(95)=100.23µs
     http_req_connecting............: avg=3.49µs   min=0s       med=0s      max=100.58µs p(90)=0s       p(95)=2.18µs  
     http_req_duration..............: avg=3.78ms   min=499.99µs med=2.18ms  max=35.22ms  p(90)=8.33ms   p(95)=12.11ms 
       { expected_response:true }...: avg=3.78ms   min=499.99µs med=2.18ms  max=35.22ms  p(90)=8.33ms   p(95)=12.11ms 
     http_req_failed................: 0.00% ✓ 0        ✗ 200 
     http_req_receiving.............: avg=104.13µs min=16.34µs  med=93.84µs max=643.78µs p(90)=167.15µs p(95)=193.81µs
     http_req_sending...............: avg=35.13µs  min=8.18µs   med=34.28µs max=120.36µs p(90)=56.05µs  p(95)=63.18µs 
     http_req_tls_handshaking.......: avg=0s       min=0s       med=0s      max=0s       p(90)=0s       p(95)=0s      
     http_req_waiting...............: avg=3.64ms   min=438.9µs  med=1.99ms  max=35.07ms  p(90)=8.24ms   p(95)=11.98ms 
     http_reqs......................: 200   9.940872/s
     iteration_duration.............: avg=1s       min=1s       med=1s      max=1.03s    p(90)=1s       p(95)=1.01s   
     iterations.....................: 200   9.940872/s
     vus............................: 10    min=10     max=10
     vus_max........................: 10    min=10     max=10


running (20.1s), 00/10 VUs, 200 complete and 0 interrupted iterations
default ✓ [======================================] 10 VUs  20s
a2k@A2K:~/dev/rust/api2/k6$ 


100 VUs, 20s --------------------------------------------------------

a2k@A2K:~/dev/rust/api2/k6$ k6 run ali.js --vus 100 --duration 20s

          /\      |‾‾| /‾‾/   /‾‾/   
     /\  /  \     |  |/  /   /  /    
    /  \/    \    |     (   /   ‾‾\  
   /          \   |  |\  \ |  (‾)  | 
  / __________ \  |__| \__\ \_____/ .io

  execution: local
     script: ali.js
     output: -

  scenarios: (100.00%) 1 scenario, 100 max VUs, 50s max duration (incl. graceful stop):
           * default: 100 looping VUs for 20s (gracefulStop: 30s)


     data_received..................: 535 kB 26 kB/s
     data_sent......................: 288 kB 14 kB/s
     http_req_blocked...............: avg=43.91µs min=1.05µs   med=3.48µs  max=1.38ms   p(90)=11.21µs  p(95)=92.38µs 
     http_req_connecting............: avg=33.93µs min=0s       med=0s      max=1.17ms   p(90)=0s       p(95)=36.57µs 
     http_req_duration..............: avg=42.57ms min=406.26µs med=19.85ms max=370.29ms p(90)=113.24ms p(95)=169.11ms
       { expected_response:true }...: avg=42.57ms min=406.26µs med=19.85ms max=370.29ms p(90)=113.24ms p(95)=169.11ms
     http_req_failed................: 0.00%  ✓ 0         ✗ 1975 
     http_req_receiving.............: avg=61.25µs min=12.19µs  med=39.61µs max=2.72ms   p(90)=111.14µs p(95)=154.99µs
     http_req_sending...............: avg=29.14µs min=4.34µs   med=14.2µs  max=385.83µs p(90)=51.66µs  p(95)=99.82µs 
     http_req_tls_handshaking.......: avg=0s      min=0s       med=0s      max=0s       p(90)=0s       p(95)=0s      
     http_req_waiting...............: avg=42.48ms min=372.03µs med=19.64ms max=370.21ms p(90)=113.2ms  p(95)=169.08ms
     http_reqs......................: 1975   94.085789/s
     iteration_duration.............: avg=1.04s   min=1s       med=1.02s   max=1.37s    p(90)=1.11s    p(95)=1.16s   
     iterations.....................: 1975   94.085789/s
     vus............................: 100    min=100     max=100
     vus_max........................: 100    min=100     max=100


running (21.0s), 000/100 VUs, 1975 complete and 0 interrupted iterations
default ✓ [======================================] 100 VUs  20s
a2k@A2K:~/dev/rust/api2/k6$ 


1000 VUs, 20s (significantly slower) ------------------------------------------------------------
a2k@A2K:~/dev/rust/api2/k6$ k6 run ali.js --vus 1000 --duration 20s

          /\      |‾‾| /‾‾/   /‾‾/   
     /\  /  \     |  |/  /   /  /    
    /  \/    \    |     (   /   ‾‾\  
   /          \   |  |\  \ |  (‾)  | 
  / __________ \  |__| \__\ \_____/ .io

  execution: local
     script: ali.js
     output: -

  scenarios: (100.00%) 1 scenario, 1000 max VUs, 50s max duration (incl. graceful stop):
           * default: 1000 looping VUs for 20s (gracefulStop: 30s)


     data_received..................: 682 kB 14 kB/s
     data_sent......................: 508 kB 10 kB/s
     http_req_blocked...............: avg=9.21ms  min=965ns    med=3.28µs   max=92.8ms  p(90)=32.8ms p(95)=50.37ms
     http_req_connecting............: avg=8.82ms  min=0s       med=0s       max=84.53ms p(90)=31.6ms p(95)=50.03ms
     http_req_duration..............: avg=1.48s   min=661.19µs med=309.55ms max=17.18s  p(90)=5.46s  p(95)=7.84s  
       { expected_response:true }...: avg=1.48s   min=661.19µs med=309.55ms max=17.18s  p(90)=5.46s  p(95)=7.84s  
     http_req_failed................: 0.00%  ✓ 0         ✗ 2517  
     http_req_receiving.............: avg=37.94µs min=9.23µs   med=30.05µs  max=2.06ms  p(90)=60µs   p(95)=75.54µs
     http_req_sending...............: avg=1.34ms  min=3.77µs   med=12.35µs  max=65.79ms p(90)=2.57ms p(95)=4.12ms 
     http_req_tls_handshaking.......: avg=0s      min=0s       med=0s       max=0s      p(90)=0s     p(95)=0s     
     http_req_waiting...............: avg=1.48s   min=626.87µs med=308.05ms max=17.18s  p(90)=5.46s  p(95)=7.84s  
     http_reqs......................: 2517   50.328338/s
     iteration_duration.............: avg=2.49s   min=1s       med=1.31s    max=18.18s  p(90)=6.46s  p(95)=8.84s  
     iterations.....................: 2517   50.328338/s
     vus............................: 961    min=961     max=1000
     vus_max........................: 1000   min=1000    max=1000


running (50.0s), 0000/1000 VUs, 2517 complete and 961 interrupted iterations
default ✓ [======================================] 1000 VUs  20s

